\BOOKMARK [1][-]{section.1}{\376\377\000I\000n\000t\000r\000o\000d\000u\000c\000t\000i\000o\000n}{}% 1
\BOOKMARK [1][-]{section.2}{\376\377\000R\000e\000l\000a\000t\000e\000d\000\040\000W\000o\000r\000k}{}% 2
\BOOKMARK [1][-]{section.3}{\376\377\000C\000o\000n\000s\000t\000r\000u\000c\000t\000i\000n\000g\000\040\000B\000r\000i\000g\000h\000t}{}% 3
\BOOKMARK [2][-]{subsection.3.1}{\376\377\000T\000a\000s\000k\000\040\000f\000o\000r\000m\000u\000l\000a\000t\000i\000o\000n}{section.3}% 4
\BOOKMARK [2][-]{subsection.3.2}{\376\377\000S\000t\000a\000c\000k\000E\000x\000c\000h\000a\000n\000g\000e\000:\000\040\000R\000e\000t\000r\000i\000e\000v\000i\000n\000g\000\040\000w\000e\000b\000\040\000p\000a\000g\000e\000s\000\040\000t\000h\000a\000t\000\040\000h\000e\000l\000p\000\040\000a\000n\000s\000w\000e\000r\000\040\000q\000u\000e\000s\000t\000i\000o\000n\000s}{section.3}% 5
\BOOKMARK [2][-]{subsection.3.3}{\376\377\000C\000o\000d\000i\000n\000g\000:\000\040\000R\000e\000t\000r\000i\000e\000v\000i\000n\000g\000\040\000d\000o\000c\000u\000m\000e\000n\000t\000a\000t\000i\000o\000n\000\040\000o\000r\000\040\000s\000i\000m\000i\000l\000a\000r\000\040\000s\000o\000l\000v\000e\000d\000\040\000p\000r\000o\000b\000l\000e\000m\000s}{section.3}% 6
\BOOKMARK [2][-]{subsection.3.4}{\376\377\000T\000h\000e\000o\000r\000e\000m\000-\000b\000a\000s\000e\000d\000\040\000q\000u\000e\000s\000t\000i\000o\000n\000s\000:\000\040\000R\000e\000t\000r\000i\000e\000v\000e\000\040\000s\000o\000l\000v\000e\000d\000\040\000p\000r\000o\000b\000l\000e\000m\000s\000\040\000u\000s\000i\000n\000g\000\040\000t\000h\000e\000\040\000s\000a\000m\000e\000\040\000t\000h\000e\000o\000r\000e\000m\000s\000\040\000o\000r\000\040\000r\000e\000l\000e\000v\000a\000n\000t\000\040\000t\000h\000e\000o\000r\000e\000m\000\040\000s\000t\000a\000t\000e\000m\000e\000n\000t\000s}{section.3}% 7
\BOOKMARK [1][-]{section.4}{\376\377\000E\000x\000p\000e\000r\000i\000m\000e\000n\000t\000s}{}% 8
\BOOKMARK [2][-]{subsection.4.1}{\376\377\000E\000x\000p\000e\000r\000i\000m\000e\000n\000t\000a\000l\000\040\000s\000e\000t\000u\000p}{section.4}% 9
\BOOKMARK [2][-]{subsection.4.2}{\376\377\000M\000a\000i\000n\000\040\000r\000e\000s\000u\000l\000t\000s}{section.4}% 10
\BOOKMARK [1][-]{section.5}{\376\377\000A\000n\000a\000l\000y\000s\000i\000s}{}% 11
\BOOKMARK [2][-]{subsection.5.1}{\376\377\000R\000e\000r\000a\000n\000k\000i\000n\000g\000\040\000w\000i\000t\000h\000\040\000L\000L\000M\000s\000\040\000e\000n\000h\000a\000n\000c\000e\000s\000\040\000r\000e\000t\000r\000i\000e\000v\000a\000l\000\040\000p\000e\000r\000f\000o\000r\000m\000a\000n\000c\000e}{section.5}% 12
\BOOKMARK [2][-]{subsection.5.2}{\376\377\000R\000o\000b\000u\000s\000t\000n\000e\000s\000s\000\040\000a\000g\000a\000i\000n\000s\000t\000\040\000d\000a\000t\000a\000\040\000l\000e\000a\000k\000a\000g\000e\000\040\000f\000r\000o\000m\000\040\000p\000r\000e\000t\000r\000a\000i\000n\000i\000n\000g}{section.5}% 13
\BOOKMARK [2][-]{subsection.5.3}{\376\377\000L\000o\000n\000g\000-\000c\000o\000n\000t\000e\000x\000t\000\040\000r\000e\000t\000r\000i\000e\000v\000a\000l\000\040\000w\000i\000t\000h\000\040\000a\000\040\000r\000e\000d\000u\000c\000e\000d\000\040\000s\000e\000a\000r\000c\000h\000\040\000s\000p\000a\000c\000e\000\040\000i\000s\000\040\000c\000h\000a\000l\000l\000e\000n\000g\000i\000n\000g}{section.5}% 14
\BOOKMARK [1][-]{section.6}{\376\377\000C\000o\000n\000c\000l\000u\000s\000i\000o\000n}{}% 15
\BOOKMARK [1][-]{section.7}{\376\377\000C\000o\000d\000e\000\040\000o\000f\000\040\000E\000t\000h\000i\000c\000s\000\040\000a\000n\000d\000\040\000E\000t\000h\000i\000c\000s\000\040\000s\000t\000a\000t\000e\000m\000e\000n\000t}{}% 16
\BOOKMARK [1][-]{section.8}{\376\377\000R\000e\000p\000r\000o\000d\000u\000c\000i\000b\000i\000l\000i\000t\000y}{}% 17
\BOOKMARK [1][-]{appendix.A}{\376\377\000E\000x\000p\000e\000r\000i\000m\000e\000n\000t\000\040\000D\000e\000t\000a\000i\000l\000s}{}% 18
\BOOKMARK [2][-]{subsection.A.1}{\376\377\000M\000o\000d\000e\000l\000s\000\040\000a\000n\000d\000\040\000I\000n\000s\000t\000r\000u\000c\000t\000i\000o\000n\000s}{appendix.A}% 19
\BOOKMARK [2][-]{subsection.A.2}{\376\377\000C\000o\000m\000p\000u\000t\000i\000n\000g\000\040\000R\000e\000s\000o\000u\000r\000c\000e\000s}{appendix.A}% 20
\BOOKMARK [2][-]{subsection.A.3}{\376\377\000C\000o\000n\000t\000i\000n\000u\000a\000l\000\040\000T\000r\000a\000i\000n\000i\000n\000g\000\040\000S\000e\000t\000u\000p}{appendix.A}% 21
\BOOKMARK [1][-]{appendix.B}{\376\377\000D\000a\000t\000a\000s\000e\000t\000\040\000C\000o\000n\000s\000t\000r\000u\000c\000t\000i\000o\000n}{}% 22
\BOOKMARK [2][-]{subsection.B.1}{\376\377\000S\000t\000a\000c\000k\000E\000x\000c\000h\000a\000n\000g\000e}{appendix.B}% 23
\BOOKMARK [2][-]{subsection.B.2}{\376\377\000S\000T\000E\000M\000\040\000q\000u\000e\000s\000t\000i\000o\000n\000\040\000a\000n\000d\000\040\000s\000o\000l\000u\000t\000i\000o\000n\000\040\000c\000o\000r\000p\000u\000s\000\040\000f\000o\000r\000\040\000T\000h\000e\000o\000r\000e\000m\000Q\000A\000\040\000a\000n\000d\000\040\000A\000o\000P\000S}{appendix.B}% 24
\BOOKMARK [2][-]{subsection.B.3}{\376\377\000T\000h\000e\000o\000r\000e\000m\000Q\000A\000:\000\040\000R\000e\000p\000h\000r\000a\000s\000i\000n\000g\000\040\000q\000u\000e\000s\000t\000i\000o\000n\000s\000\040\000i\000n\000t\000o\000\040\000s\000p\000e\000c\000i\000f\000i\000c\000\040\000s\000c\000e\000n\000a\000r\000i\000o\000s}{appendix.B}% 25
\BOOKMARK [2][-]{subsection.B.4}{\376\377\000T\000h\000e\000o\000r\000e\000m\000Q\000A\000:\000\040\000A\000n\000n\000o\000t\000a\000t\000i\000n\000g\000\040\000r\000e\000l\000e\000v\000a\000n\000t\000\040\000t\000h\000e\000o\000r\000e\000m\000s}{appendix.B}% 26
\BOOKMARK [2][-]{subsection.B.5}{\376\377\000A\000o\000P\000S\000:\000\040\000C\000o\000n\000n\000e\000c\000t\000i\000n\000g\000\040\000A\000o\000P\000S\000\040\000p\000r\000o\000b\000l\000e\000m\000s\000\040\000t\000o\000\040\000t\000h\000e\000\040\000M\000A\000T\000H\000\040\000d\000a\000t\000a\000s\000e\000t}{appendix.B}% 27
\BOOKMARK [2][-]{subsection.B.6}{\376\377\000L\000e\000e\000t\000C\000o\000d\000e}{appendix.B}% 28
\BOOKMARK [1][-]{appendix.C}{\376\377\000D\000a\000t\000a\000\040\000E\000x\000a\000m\000p\000l\000e\000s}{}% 29
\BOOKMARK [1][-]{appendix.D}{\376\377\000D\000o\000w\000n\000s\000t\000r\000e\000a\000m\000\040\000p\000e\000r\000f\000o\000r\000m\000a\000n\000c\000e}{}% 30
\BOOKMARK [1][-]{appendix.E}{\376\377\000A\000n\000n\000o\000t\000a\000t\000o\000r\000\040\000i\000n\000s\000t\000r\000u\000c\000t\000i\000o\000n\000s}{}% 31
\BOOKMARK [2][-]{subsection.E.1}{\376\377\000S\000t\000a\000c\000k\000E\000x\000c\000h\000a\000n\000g\000e}{appendix.E}% 32
\BOOKMARK [2][-]{subsection.E.2}{\376\377\000T\000h\000e\000o\000r\000e\000m\000Q\000A}{appendix.E}% 33
\BOOKMARK [2][-]{subsection.E.3}{\376\377\000A\000o\000P\000S}{appendix.E}% 34
\BOOKMARK [2][-]{subsection.E.4}{\376\377\000L\000e\000e\000t\000C\000o\000d\000e}{appendix.E}% 35
\BOOKMARK [2][-]{subsection.E.5}{\376\377\000L\000L\000M\000\040\000u\000s\000a\000g\000e}{appendix.E}% 36
\BOOKMARK [2][-]{subsection.E.6}{\376\377\000S\000e\000n\000s\000i\000t\000i\000v\000e\000\040\000i\000n\000f\000o\000r\000m\000a\000t\000i\000o\000n}{appendix.E}% 37
\BOOKMARK [1][-]{appendix.F}{\376\377\000L\000i\000m\000i\000t\000a\000t\000i\000o\000n\000s\000\040\000a\000n\000d\000\040\000F\000u\000t\000u\000r\000e\000\040\000W\000o\000r\000k}{}% 38
\BOOKMARK [1][-]{appendix.G}{\376\377\000P\000o\000t\000e\000n\000t\000i\000a\000l\000\040\000s\000o\000c\000i\000a\000l\000\040\000i\000m\000p\000a\000c\000t\000s}{}% 39
\BOOKMARK [1][-]{appendix.H}{\376\377\000C\000o\000m\000p\000a\000r\000i\000s\000o\000n\000\040\000t\000o\000\040\000R\000A\000R\000-\000b}{}% 40
